// Jest Snapshot v1, https://goo.gl/fbAQLP

exports[`Render changepassword component without crashing renders correctly 1`] = `
<RCTSafeAreaView
  emulateUnlessSupported={true}
  style={
    Object {
      "flex": 1,
    }
  }
>
  <View
    style={
      Object {
        "alignItems": "center",
        "flex": 1,
      }
    }
  >
    <View
      style={
        Object {
          "flex": 1,
          "marginTop": 50,
          "maxWidth": 270,
          "width": "100%",
        }
      }
    >
      <View
        style={
          Object {
            "borderColor": "#bdbdbd",
            "borderRadius": 0,
            "borderWidth": 1,
            "marginTop": 10,
          }
        }
      >
        <TextInput
          allowFontScaling={true}
          autoCapitalize="none"
          autoCorrect={false}
          keyboardType="default"
          onChangeText={[Function]}
          placeholder="Current password"
          placeholderTextColor="#919090"
          rejectResponderTermination={true}
          returnKeyType="next"
          secureTextEntry={true}
          style={
            Object {
              "backgroundColor": "#dbdbdb",
              "borderRadius": 0,
              "color": "#545454",
              "fontSize": 16,
              "height": 44,
              "paddingBottom": 0,
              "paddingLeft": 10,
              "paddingTop": 2,
            }
          }
          underlineColorAndroid="transparent"
          value=""
        />
      </View>
      <View
        style={
          Object {
            "borderColor": "#bdbdbd",
            "borderRadius": 0,
            "borderWidth": 1,
            "marginTop": 10,
          }
        }
      >
        <TextInput
          allowFontScaling={true}
          autoCapitalize="none"
          autoCorrect={false}
          keyboardType="default"
          onChangeText={[Function]}
          placeholder="New password"
          placeholderTextColor="#919090"
          rejectResponderTermination={true}
          returnKeyType="next"
          secureTextEntry={true}
          style={
            Object {
              "backgroundColor": "#dbdbdb",
              "borderRadius": 0,
              "color": "#545454",
              "fontSize": 16,
              "height": 44,
              "paddingBottom": 0,
              "paddingLeft": 10,
              "paddingTop": 2,
            }
          }
          underlineColorAndroid="transparent"
          value=""
        />
      </View>
      <View
        style={
          Object {
            "borderColor": "#bdbdbd",
            "borderRadius": 0,
            "borderWidth": 1,
            "marginTop": 10,
          }
        }
      >
        <TextInput
          allowFontScaling={true}
          autoCapitalize="none"
          autoCorrect={false}
          keyboardType="default"
          onChangeText={[Function]}
          placeholder="Confirm new password"
          placeholderTextColor="#919090"
          rejectResponderTermination={true}
          returnKeyType="done"
          secureTextEntry={true}
          style={
            Object {
              "backgroundColor": "#dbdbdb",
              "borderRadius": 0,
              "color": "#545454",
              "fontSize": 16,
              "height": 44,
              "paddingBottom": 0,
              "paddingLeft": 10,
              "paddingTop": 2,
            }
          }
          underlineColorAndroid="transparent"
          value=""
        />
      </View>
      <View
        accessible={true}
        clickable={true}
        isTVSelectable={true}
        onClick={[Function]}
        onResponderGrant={[Function]}
        onResponderMove={[Function]}
        onResponderRelease={[Function]}
        onResponderTerminate={[Function]}
        onResponderTerminationRequest={[Function]}
        onStartShouldSetResponder={[Function]}
        style={
          Object {
            "alignItems": "center",
            "backgroundColor": "#424142",
            "borderRadius": 2,
            "height": 44,
            "justifyContent": "center",
            "marginTop": 25,
            "opacity": 1,
          }
        }
      >
        <Text
          style={
            Object {
              "color": "#fff",
              "fontSize": 17,
            }
          }
        >
          Save
        </Text>
      </View>
    </View>
  </View>
</RCTSafeAreaView>
`;
